// Jest Snapshot v1, https://goo.gl/fbAQLP

exports[`Generic parseApiResponse should behave consistently 1`] = `
Object {
  "entryRef": Object {
    "camelizeThis": true,
  },
}
`;
