// Jest Snapshot v1, https://goo.gl/fbAQLP

exports[`JSONApiError should behave consistently 1`] = `[JsonApiError: 500 - Server Error]`;
